01-03 14:07:59.189  5963  5963 I Process : Sending signal. PID: 5963 SIG: 9
01-03 14:07:59.190  1609  1623 W BroadcastQueue: Background execution not allowed: receiving Intent { act=android.intent.action.DROPBOX_ENTRY_ADDED flg=0x10 (has extras) } to com.google.android.gms/.stats.service.DropBoxEntryAddedReceiver
01-03 14:07:59.190  1380  1380 E lowmemorykiller: Error writing /proc/5963/oom_score_adj; errno=22
01-03 14:07:59.222  1609  3551 I ActivityManager: Process de.tobiasbielefeld.solitaire (pid 5963) has died: vis  +99TOP 
01-03 14:07:59.222  1609  1626 W libprocessgroup: kill(-5963, 9) failed: No such process
01-03 14:07:59.224  1468  1468 I Zygote  : Process 5963 exited due to signal (9)
01-03 14:07:59.224  1467  1696 W SurfaceFlinger: Attempting to destroy on removed layer: AppWindowToken{d3c58ac token=Token{6f8865f ActivityRecord{c84defe u0 de.tobiasbielefeld.solitaire/.ui.GameSelector t63}}}#0
01-03 14:07:59.268  1609  1626 W libprocessgroup: kill(-5963, 9) failed: No such process
01-03 14:07:59.268  1609  1626 I libprocessgroup: Successfully killed process cgroup uid 10090 pid 5963 in 45ms
01-03 14:07:59.270  1793  1981 D EGL_emulation: eglMakeCurrent: 0x7450038a80: ver 3 0 (tinfo 0x74500926e0)
01-03 14:07:59.373  1793  1981 I chatty  : uid=10021(com.android.systemui) RenderThread identical 12 lines
01-03 14:07:59.375  1793  1981 D EGL_emulation: eglMakeCurrent: 0x7450038a80: ver 3 0 (tinfo 0x74500926e0)
01-03 14:07:59.516  1609  1962 I GnssLocationProvider: WakeLock acquired by sendMessage(REPORT_SV_STATUS, 0, com.android.server.location.GnssLocationProvider$SvStatusInfo@23eb86a)
01-03 14:07:59.516  1609  1622 I GnssLocationProvider: WakeLock released by handleMessage(REPORT_SV_STATUS, 0, com.android.server.location.GnssLocationProvider$SvStatusInfo@23eb86a)
01-03 14:08:00.010  1636  1639 D hwcomposer: hw_composer sent 12 syncs in 60s
01-03 14:08:00.517  1609  1962 I GnssLocationProvider: WakeLock acquired by sendMessage(REPORT_SV_STATUS, 0, com.android.server.location.GnssLocationProvider$SvStatusInfo@1997df8)
01-03 14:08:00.517  1609  1622 I GnssLocationProvider: WakeLock released by handleMessage(REPORT_SV_STATUS, 0, com.android.server.location.GnssLocationProvider$SvStatusInfo@1997df8)
01-03 14:08:01.522  1609  1962 I GnssLocationProvider: WakeLock acquired by sendMessage(REPORT_SV_STATUS, 0, com.android.server.location.GnssLocationProvider$SvStatusInfo@88c62d1)
01-03 14:08:01.523  1609  1622 I GnssLocationProvider: WakeLock released by handleMessage(REPORT_SV_STATUS, 0, com.android.server.location.GnssLocationProvider$SvStatusInfo@88c62d1)
01-03 14:08:02.244  1361  1414 W audio_hw_generic: Not supplying enough data to HAL, expected position 2654324 , only wrote 2501280
01-03 14:08:02.528  1609  1962 I GnssLocationProvider: WakeLock acquired by sendMessage(REPORT_SV_STATUS, 0, com.android.server.location.GnssLocationProvider$SvStatusInfo@887f136)
01-03 14:08:02.528  1609  1622 I GnssLocationProvider: WakeLock released by handleMessage(REPORT_SV_STATUS, 0, com.android.server.location.GnssLocationProvider$SvStatusInfo@887f136)
01-03 14:08:03.533  1609  1962 I GnssLocationProvider: WakeLock acquired by sendMessage(REPORT_SV_STATUS, 0, com.android.server.location.GnssLocationProvider$SvStatusInfo@3245837)
01-03 14:08:03.533  1609  1622 I GnssLocationProvider: WakeLock released by handleMessage(REPORT_SV_STATUS, 0, com.android.server.location.GnssLocationProvider$SvStatusInfo@3245837)
01-03 14:08:04.538  1609  1962 I GnssLocationProvider: WakeLock acquired by sendMessage(REPORT_SV_STATUS, 0, com.android.server.location.GnssLocationProvider$SvStatusInfo@ae481a4)
01-03 14:08:04.539  1609  1622 I GnssLocationProvider: WakeLock released by handleMessage(REPORT_SV_STATUS, 0, com.android.server.location.GnssLocationProvider$SvStatusInfo@ae481a4)
01-03 14:08:05.541  1609  1962 I GnssLocationProvider: WakeLock acquired by sendMessage(REPORT_SV_STATUS, 0, com.android.server.location.GnssLocationProvider$SvStatusInfo@ba35b0d)
01-03 14:08:05.542  1609  1622 I GnssLocationProvider: WakeLock released by handleMessage(REPORT_SV_STATUS, 0, com.android.server.location.GnssLocationProvider$SvStatusInfo@ba35b0d)
01-03 14:08:06.142  1609  1627 E BluetoothAdapter: Bluetooth binder is null
01-03 14:08:06.143  1609  1627 E BatteryExternalStatsWorker: no controller energy info supplied for wifi
01-03 14:08:06.147  1609  1627 W KernelCpuProcReader: File not exist: /proc/uid_cpupower/time_in_state
01-03 14:08:06.147  1609  1627 W KernelCpuProcReader: File not exist: /proc/uid_cpupower/concurrent_active_time
01-03 14:08:06.147  1609  1627 W KernelCpuProcReader: File not exist: /proc/uid_cpupower/concurrent_policy_time
01-03 14:08:06.546  1609  1962 I GnssLocationProvider: WakeLock acquired by sendMessage(REPORT_SV_STATUS, 0, com.android.server.location.GnssLocationProvider$SvStatusInfo@359eac2)
01-03 14:08:06.547  1609  1622 I GnssLocationProvider: WakeLock released by handleMessage(REPORT_SV_STATUS, 0, com.android.server.location.GnssLocationProvider$SvStatusInfo@359eac2)
01-03 14:08:07.551  1609  1962 I GnssLocationProvider: WakeLock acquired by sendMessage(REPORT_SV_STATUS, 0, com.android.server.location.GnssLocationProvider$SvStatusInfo@6dc40d3)
01-03 14:08:07.552  1609  1622 I GnssLocationProvider: WakeLock released by handleMessage(REPORT_SV_STATUS, 0, com.android.server.location.GnssLocationProvider$SvStatusInfo@6dc40d3)
01-03 14:08:08.401  1565  1565 E netmgr  : Failed to open QEMU pipe 'qemud:network': Invalid argument
01-03 14:08:08.401  1565  1565 E netmgr  : WifiForwarder unable to open QEMU pipe: Invalid argument
01-03 14:08:08.556  1609  1962 I GnssLocationProvider: WakeLock acquired by sendMessage(REPORT_SV_STATUS, 0, com.android.server.location.GnssLocationProvider$SvStatusInfo@dba1410)
01-03 14:08:08.557  1609  1622 I GnssLocationProvider: WakeLock released by handleMessage(REPORT_SV_STATUS, 0, com.android.server.location.GnssLocationProvider$SvStatusInfo@dba1410)
01-03 14:08:09.562  1609  1962 I GnssLocationProvider: WakeLock acquired by sendMessage(REPORT_SV_STATUS, 0, com.android.server.location.GnssLocationProvider$SvStatusInfo@eb79b09)
01-03 14:08:09.562  1609  1622 I GnssLocationProvider: WakeLock released by handleMessage(REPORT_SV_STATUS, 0, com.android.server.location.GnssLocationProvider$SvStatusInfo@eb79b09)
01-03 14:08:10.562  1609  1962 I GnssLocationProvider: WakeLock acquired by sendMessage(REPORT_SV_STATUS, 0, com.android.server.location.GnssLocationProvider$SvStatusInfo@75ff10e)
01-03 14:08:10.562  1609  1622 I GnssLocationProvider: WakeLock released by handleMessage(REPORT_SV_STATUS, 0, com.android.server.location.GnssLocationProvider$SvStatusInfo@75ff10e)
01-03 14:08:11.565  1609  1962 I GnssLocationProvider: WakeLock acquired by sendMessage(REPORT_SV_STATUS, 0, com.android.server.location.GnssLocationProvider$SvStatusInfo@e20172f)
01-03 14:08:11.565  1609  1622 I GnssLocationProvider: WakeLock released by handleMessage(REPORT_SV_STATUS, 0, com.android.server.location.GnssLocationProvider$SvStatusInfo@e20172f)
01-03 14:08:12.570  1609  1962 I GnssLocationProvider: WakeLock acquired by sendMessage(REPORT_SV_STATUS, 0, com.android.server.location.GnssLocationProvider$SvStatusInfo@814613c)
01-03 14:08:12.570  1609  1622 I GnssLocationProvider: WakeLock released by handleMessage(REPORT_SV_STATUS, 0, com.android.server.location.GnssLocationProvider$SvStatusInfo@814613c)
01-03 14:08:12.645  1480  1493 E storaged: getDiskStats failed with result NOT_SUPPORTED and size 0
01-03 14:08:13.573  1609  1962 I GnssLocationProvider: WakeLock acquired by sendMessage(REPORT_SV_STATUS, 0, com.android.server.location.GnssLocationProvider$SvStatusInfo@805bd27)
01-03 14:08:13.573  1609  1622 I GnssLocationProvider: WakeLock released by handleMessage(REPORT_SV_STATUS, 0, com.android.server.location.GnssLocationProvider$SvStatusInfo@805bd27)
01-03 14:08:13.833  1989  6001 E memtrack: Couldn't load memtrack module
01-03 14:08:13.834  1989  6001 W android.os.Debug: failed to get memory consumption info: -1
01-03 14:08:14.576  1609  1962 I GnssLocationProvider: WakeLock acquired by sendMessage(REPORT_SV_STATUS, 0, com.android.server.location.GnssLocationProvider$SvStatusInfo@d3d9bd4)
