01-03 14:05:10.297  5816  5816 I ResourcesCompat: 	at com.android.internal.os.RuntimeInit$MethodAndArgsCaller.run(RuntimeInit.java:493)
01-03 14:05:10.297  5816  5816 I ResourcesCompat: 	at com.android.internal.os.ZygoteInit.main(ZygoteInit.java:858)
01-03 14:05:10.301  5816  5816 W efeld.solitair: Accessing hidden field Landroid/graphics/Insets;->left:I (light greylist, linking)
01-03 14:05:10.301  5816  5816 W efeld.solitair: Accessing hidden field Landroid/graphics/Insets;->top:I (light greylist, linking)
01-03 14:05:10.301  5816  5816 W efeld.solitair: Accessing hidden field Landroid/graphics/Insets;->right:I (light greylist, linking)
01-03 14:05:10.301  5816  5816 W efeld.solitair: Accessing hidden field Landroid/graphics/Insets;->bottom:I (light greylist, linking)
01-03 14:05:10.313  5816  5816 W efeld.solitair: Accessing hidden method Landroid/view/View;->computeFitSystemWindows(Landroid/graphics/Rect;Landroid/graphics/Rect;)Z (light greylist, reflection)
01-03 14:05:10.313  5816  5816 W efeld.solitair: Accessing hidden method Landroid/view/ViewGroup;->makeOptionalFitsSystemWindows()V (light greylist, reflection)
01-03 14:05:10.314  5816  5816 D AndroidRuntime: Shutting down VM
--------- beginning of crash
01-03 14:05:10.314  5816  5816 E AndroidRuntime: FATAL EXCEPTION: main
01-03 14:05:10.314  5816  5816 E AndroidRuntime: Process: de.tobiasbielefeld.solitaire, PID: 5816
01-03 14:05:10.314  5816  5816 E AndroidRuntime: java.lang.RuntimeException: Unable to start activity ComponentInfo{de.tobiasbielefeld.solitaire/de.tobiasbielefeld.solitaire.ui.GameSelector}: android.view.InflateException: Binary XML file line #10: Binary XML file line #10: Error inflating class android.support.v4.widget.DrawerLayout
01-03 14:05:10.314  5816  5816 E AndroidRuntime: 	at android.app.ActivityThread.performLaunchActivity(ActivityThread.java:2913)
01-03 14:05:10.314  5816  5816 E AndroidRuntime: 	at android.app.ActivityThread.handleLaunchActivity(ActivityThread.java:3048)
01-03 14:05:10.314  5816  5816 E AndroidRuntime: 	at android.app.servertransaction.LaunchActivityItem.execute(LaunchActivityItem.java:78)
01-03 14:05:10.314  5816  5816 E AndroidRuntime: 	at android.app.servertransaction.TransactionExecutor.executeCallbacks(TransactionExecutor.java:108)
01-03 14:05:10.314  5816  5816 E AndroidRuntime: 	at android.app.servertransaction.TransactionExecutor.execute(TransactionExecutor.java:68)
01-03 14:05:10.314  5816  5816 E AndroidRuntime: 	at android.app.ActivityThread$H.handleMessage(ActivityThread.java:1808)
01-03 14:05:10.314  5816  5816 E AndroidRuntime: 	at android.os.Handler.dispatchMessage(Handler.java:106)
01-03 14:05:10.314  5816  5816 E AndroidRuntime: 	at android.os.Looper.loop(Looper.java:193)
01-03 14:05:10.314  5816  5816 E AndroidRuntime: 	at android.app.ActivityThread.main(ActivityThread.java:6669)
01-03 14:05:10.314  5816  5816 E AndroidRuntime: 	at java.lang.reflect.Method.invoke(Native Method)
01-03 14:05:10.314  5816  5816 E AndroidRuntime: 	at com.android.internal.os.RuntimeInit$MethodAndArgsCaller.run(RuntimeInit.java:493)
01-03 14:05:10.314  5816  5816 E AndroidRuntime: 	at com.android.internal.os.ZygoteInit.main(ZygoteInit.java:858)
01-03 14:05:10.314  5816  5816 E AndroidRuntime: Caused by: android.view.InflateException: Binary XML file line #10: Binary XML file line #10: Error inflating class android.support.v4.widget.DrawerLayout
01-03 14:05:10.314  5816  5816 E AndroidRuntime: Caused by: android.view.InflateException: Binary XML file line #10: Error inflating class android.support.v4.widget.DrawerLayout
01-03 14:05:10.314  5816  5816 E AndroidRuntime: Caused by: java.lang.ClassNotFoundException: Didn't find class "android.support.v4.widget.DrawerLayout" on path: DexPathList[[zip file "/data/app/de.tobiasbielefeld.solitaire-16UBY6PluNC16WXdu5xZkg==/base.apk"],nativeLibraryDirectories=[/data/app/de.tobiasbielefeld.solitaire-16UBY6PluNC16WXdu5xZkg==/lib/arm64, /system/lib64]]
01-03 14:05:10.314  5816  5816 E AndroidRuntime: 	at dalvik.system.BaseDexClassLoader.findClass(BaseDexClassLoader.java:134)
01-03 14:05:10.314  5816  5816 E AndroidRuntime: 	at java.lang.ClassLoader.loadClass(ClassLoader.java:379)
01-03 14:05:10.314  5816  5816 E AndroidRuntime: 	at java.lang.ClassLoader.loadClass(ClassLoader.java:312)
01-03 14:05:10.314  5816  5816 E AndroidRuntime: 	at android.view.LayoutInflater.createView(LayoutInflater.java:606)
01-03 14:05:10.314  5816  5816 E AndroidRuntime: 	at android.view.LayoutInflater.createViewFromTag(LayoutInflater.java:790)
01-03 14:05:10.314  5816  5816 E AndroidRuntime: 	at android.view.LayoutInflater.createViewFromTag(LayoutInflater.java:730)
01-03 14:05:10.314  5816  5816 E AndroidRuntime: 	at android.view.LayoutInflater.inflate(LayoutInflater.java:492)
01-03 14:05:10.314  5816  5816 E AndroidRuntime: 	at android.view.LayoutInflater.inflate(LayoutInflater.java:423)
01-03 14:05:10.314  5816  5816 E AndroidRuntime: 	at android.view.LayoutInflater.inflate(LayoutInflater.java:374)
01-03 14:05:10.314  5816  5816 E AndroidRuntime: 	at androidx.appcompat.app.AppCompatDelegateImpl.setContentView(AppCompatDelegateImpl.java:706)
01-03 14:05:10.314  5816  5816 E AndroidRuntime: 	at androidx.appcompat.app.AppCompatActivity.setContentView(AppCompatActivity.java:195)
01-03 14:05:10.314  5816  5816 E AndroidRuntime: 	at de.tobiasbielefeld.solitaire.ui.GameSelector.onCreate(GameSelector.java:43)
01-03 14:05:10.314  5816  5816 E AndroidRuntime: 	at android.app.Activity.performCreate(Activity.java:7136)
01-03 14:05:10.314  5816  5816 E AndroidRuntime: 	at android.app.Activity.performCreate(Activity.java:7127)
01-03 14:05:10.314  5816  5816 E AndroidRuntime: 	at android.app.Instrumentation.callActivityOnCreate(Instrumentation.java:1271)
01-03 14:05:10.314  5816  5816 E AndroidRuntime: 	at android.app.ActivityThread.performLaunchActivity(ActivityThread.java:2893)
01-03 14:05:10.314  5816  5816 E AndroidRuntime: 	at android.app.ActivityThread.handleLaunchActivity(ActivityThread.java:3048)
01-03 14:05:10.314  5816  5816 E AndroidRuntime: 	at android.app.servertransaction.LaunchActivityItem.execute(LaunchActivityItem.java:78)
01-03 14:05:10.314  5816  5816 E AndroidRuntime: 	at android.app.servertransaction.TransactionExecutor.executeCallbacks(TransactionExecutor.java:108)
01-03 14:05:10.314  5816  5816 E AndroidRuntime: 	at android.app.servertransaction.TransactionExecutor.execute(TransactionExecutor.java:68)
01-03 14:05:10.314  5816  5816 E AndroidRuntime: 	at android.app.ActivityThread$H.handleMessage(ActivityThread.java:1808)
01-03 14:05:10.314  5816  5816 E AndroidRuntime: 	at android.os.Handler.dispatchMessage(Handler.java:106)
01-03 14:05:10.314  5816  5816 E AndroidRuntime: 	at android.os.Looper.loop(Looper.java:193)
01-03 14:05:10.314  5816  5816 E AndroidRuntime: 	at android.app.ActivityThread.main(ActivityThread.java:6669)
01-03 14:05:10.314  5816  5816 E AndroidRuntime: 	at java.lang.reflect.Method.invoke(Native Method)
01-03 14:05:10.314  5816  5816 E AndroidRuntime: 	at com.android.internal.os.RuntimeInit$MethodAndArgsCaller.run(RuntimeInit.java:493)
01-03 14:05:10.314  5816  5816 E AndroidRuntime: 	at com.android.internal.os.ZygoteInit.main(ZygoteInit.java:858)
01-03 14:05:10.316  1609  2278 W ActivityManager:   Force finishing activity de.tobiasbielefeld.solitaire/.ui.GameSelector
01-03 14:05:10.320  5816  5816 I Process : Sending signal. PID: 5816 SIG: 9
01-03 14:05:10.320  1609  1623 W BroadcastQueue: Background execution not allowed: receiving Intent { act=android.intent.action.DROPBOX_ENTRY_ADDED flg=0x10 (has extras) } to com.google.android.gms/.stats.service.DropBoxEntryAddedReceiver
01-03 14:05:10.321  1380  1380 E lowmemorykiller: Error writing /proc/5816/oom_score_adj; errno=22
01-03 14:05:10.371  1609  2278 I ActivityManager: Process de.tobiasbielefeld.solitaire (pid 5816) has died: vis  +99TOP 
01-03 14:05:10.372  1468  1468 I Zygote  : Process 5816 exited due to signal (9)
01-03 14:05:10.372  1609  1626 W libprocessgroup: kill(-5816, 9) failed: No such process
01-03 14:05:10.372  1609  1626 I libprocessgroup: Successfully killed process cgroup uid 10090 pid 5816 in 0ms
01-03 14:05:10.374  1793  1981 D EGL_emulation: eglMakeCurrent: 0x7450038a80: ver 3 0 (tinfo 0x74500926e0)
01-03 14:05:10.378  1467  2043 W SurfaceFlinger: Attempting to destroy on removed layer: AppWindowToken{1a0826a token=Token{31c6855 ActivityRecord{5dfd70c u0 de.tobiasbielefeld.solitaire/.ui.GameSelector t60}}}#0
01-03 14:05:10.392  1793  1981 D EGL_emulation: eglMakeCurrent: 0x7450038a80: ver 3 0 (tinfo 0x74500926e0)
01-03 14:05:10.513  1793  1981 I chatty  : uid=10021(com.android.systemui) RenderThread identical 13 lines
01-03 14:05:10.515  1793  1981 D EGL_emulation: eglMakeCurrent: 0x7450038a80: ver 3 0 (tinfo 0x74500926e0)
01-03 14:05:10.937  1609  1962 I GnssLocationProvider: WakeLock acquired by sendMessage(REPORT_SV_STATUS, 0, com.android.server.location.GnssLocationProvider$SvStatusInfo@7b8e6b3)
01-03 14:05:10.938  1609  1622 I GnssLocationProvider: WakeLock released by handleMessage(REPORT_SV_STATUS, 0, com.android.server.location.GnssLocationProvider$SvStatusInfo@7b8e6b3)
01-03 14:05:11.801  1609  2278 I ActivityManager: START u0 {act=android.intent.action.MAIN cat=[android.intent.category.LAUNCHER] flg=0x10200000 cmp=de.tobiasbielefeld.solitaire/.ui.GameSelector bnds=[526,738][693,961]} from uid 10037
01-03 14:05:11.819  5848  5848 I efeld.solitair: Late-enabling -Xcheck:jni
01-03 14:05:11.823  1609  1625 I ActivityManager: Start proc 5848:de.tobiasbielefeld.solitaire/u0a90 for activity de.tobiasbielefeld.solitaire/.ui.GameSelector
01-03 14:05:11.842  1370  1370 D gralloc_ranchu: gralloc_alloc: Creating ashmem region of size 3690496
01-03 14:05:11.860  1370  1370 D gralloc_ranchu: gralloc_alloc: Creating ashmem region of size 3690496
01-03 14:05:11.914  1793  2031 W ziparchive: Unable to open '/data/app/de.tobiasbielefeld.solitaire-4lY8qBsFqELkef1srRCnVg==/base.apk': No such file or directory
01-03 14:05:11.914  1793  2031 E ndroid.systemu: Failed to open APK '/data/app/de.tobiasbielefeld.solitaire-4lY8qBsFqELkef1srRCnVg==/base.apk' I/O error
01-03 14:05:11.914  1793  2031 E ResourcesManager: failed to add asset path /data/app/de.tobiasbielefeld.solitaire-4lY8qBsFqELkef1srRCnVg==/base.apk
01-03 14:05:11.914  1793  2031 W PackageManager: Failure retrieving resources for de.tobiasbielefeld.solitaire
01-03 14:05:11.914  1793  2031 W ziparchive: Unable to open '/data/app/de.tobiasbielefeld.solitaire-4lY8qBsFqELkef1srRCnVg==/base.apk': No such file or directory
01-03 14:05:11.914  1793  2031 E ndroid.systemu: Failed to open APK '/data/app/de.tobiasbielefeld.solitaire-4lY8qBsFqELkef1srRCnVg==/base.apk' I/O error
01-03 14:05:11.914  1793  2031 E ResourcesManager: failed to add asset path /data/app/de.tobiasbielefeld.solitaire-4lY8qBsFqELkef1srRCnVg==/base.apk
01-03 14:05:11.914  1793  2031 W PackageManager: Failure retrieving resources for de.tobiasbielefeld.solitaire
01-03 14:05:11.914  1793  2031 W ziparchive: Unable to open '/data/app/de.tobiasbielefeld.solitaire-4lY8qBsFqELkef1srRCnVg==/base.apk': No such file or directory
01-03 14:05:11.914  1793  2031 E ndroid.systemu: Failed to open APK '/data/app/de.tobiasbielefeld.solitaire-4lY8qBsFqELkef1srRCnVg==/base.apk' I/O error
01-03 14:05:11.914  1793  2031 E ResourcesManager: failed to add asset path /data/app/de.tobiasbielefeld.solitaire-4lY8qBsFqELkef1srRCnVg==/base.apk
01-03 14:05:11.914  1793  2031 W PackageManager: Failure retrieving resources for de.tobiasbielefeld.solitaire
01-03 14:05:11.914  1793  2031 W ziparchive: Unable to open '/data/app/de.tobiasbielefeld.solitaire-4lY8qBsFqELkef1srRCnVg==/base.apk': No such file or directory
01-03 14:05:11.914  1793  2031 E ndroid.systemu: Failed to open APK '/data/app/de.tobiasbielefeld.solitaire-4lY8qBsFqELkef1srRCnVg==/base.apk' I/O error
01-03 14:05:11.914  1793  2031 E ResourcesManager: failed to add asset path /data/app/de.tobiasbielefeld.solitaire-4lY8qBsFqELkef1srRCnVg==/base.apk
01-03 14:05:11.914  1793  2031 W PackageManager: Failure retrieving resources for de.tobiasbielefeld.solitaire
01-03 14:05:11.914  1793  2031 W ziparchive: Unable to open '/data/app/de.tobiasbielefeld.solitaire-4lY8qBsFqELkef1srRCnVg==/base.apk': No such file or directory
01-03 14:05:11.914  1793  2031 E ndroid.systemu: Failed to open APK '/data/app/de.tobiasbielefeld.solitaire-4lY8qBsFqELkef1srRCnVg==/base.apk' I/O error
01-03 14:05:11.914  1793  2031 E ResourcesManager: failed to add asset path /data/app/de.tobiasbielefeld.solitaire-4lY8qBsFqELkef1srRCnVg==/base.apk
01-03 14:05:11.914  1793  2031 W PackageManager: Failure retrieving resources for de.tobiasbielefeld.solitaire
01-03 14:05:11.922  5848  5848 W efeld.solitair: Accessing hidden field Landroid/os/Trace;->TRACE_TAG_APP:J (light greylist, reflection)
01-03 14:05:11.922  5848  5848 W efeld.solitair: Accessing hidden method Landroid/os/Trace;->isTagEnabled(J)Z (light greylist, reflection)
01-03 14:05:11.937  5848  5848 W efeld.solitair: Accessing hidden method Landroid/content/res/Resources$Theme;->rebase()V (dark greylist, reflection)
01-03 14:05:11.938  5848  5848 I ResourcesCompat: Failed to retrieve rebase() method
01-03 14:05:11.938  5848  5848 I ResourcesCompat: java.lang.NoSuchMethodException: rebase []
01-03 14:05:11.938  5848  5848 I ResourcesCompat: 	at java.lang.Class.getMethod(Class.java:2068)
01-03 14:05:11.938  5848  5848 I ResourcesCompat: 	at java.lang.Class.getDeclaredMethod(Class.java:2047)
01-03 14:05:11.938  5848  5848 I ResourcesCompat: 	at androidx.core.content.res.ResourcesCompat$ThemeCompat$ImplApi23.rebase(ResourcesCompat.java:695)
01-03 14:05:11.938  5848  5848 I ResourcesCompat: 	at androidx.core.content.res.ResourcesCompat$ThemeCompat.rebase(ResourcesCompat.java:671)
01-03 14:05:11.938  5848  5848 I ResourcesCompat: 	at androidx.appcompat.app.AppCompatDelegateImpl.attachBaseContext2(AppCompatDelegateImpl.java:473)
01-03 14:05:11.938  5848  5848 I ResourcesCompat: 	at androidx.appcompat.app.AppCompatActivity.attachBaseContext(AppCompatActivity.java:139)
01-03 14:05:11.938  5848  5848 I ResourcesCompat: 	at de.tobiasbielefeld.solitaire.classes.CustomAppCompatActivity.attachBaseContext(CustomAppCompatActivity.java:70)
01-03 14:05:11.938  5848  5848 I ResourcesCompat: 	at android.app.Activity.attach(Activity.java:7051)
01-03 14:05:11.938  5848  5848 I ResourcesCompat: 	at android.app.ActivityThread.performLaunchActivity(ActivityThread.java:2873)
01-03 14:05:11.938  5848  5848 I ResourcesCompat: 	at android.app.ActivityThread.handleLaunchActivity(ActivityThread.java:3048)
01-03 14:05:11.938  5848  5848 I ResourcesCompat: 	at android.app.servertransaction.LaunchActivityItem.execute(LaunchActivityItem.java:78)
--
01-03 14:05:11.938  5848  5848 I ResourcesCompat: 	at com.android.internal.os.ZygoteInit.main(ZygoteInit.java:858)
01-03 14:05:11.940  5848  5848 W efeld.solitair: Accessing hidden field Landroid/graphics/Insets;->left:I (light greylist, linking)
01-03 14:05:11.940  5848  5848 W efeld.solitair: Accessing hidden field Landroid/graphics/Insets;->top:I (light greylist, linking)
01-03 14:05:11.940  5848  5848 W efeld.solitair: Accessing hidden field Landroid/graphics/Insets;->right:I (light greylist, linking)
01-03 14:05:11.940  5848  5848 W efeld.solitair: Accessing hidden field Landroid/graphics/Insets;->bottom:I (light greylist, linking)
01-03 14:05:11.942  1609  1962 I GnssLocationProvider: WakeLock acquired by sendMessage(REPORT_SV_STATUS, 0, com.android.server.location.GnssLocationProvider$SvStatusInfo@37d05ff)
01-03 14:05:11.942  1609  1622 I GnssLocationProvider: WakeLock released by handleMessage(REPORT_SV_STATUS, 0, com.android.server.location.GnssLocationProvider$SvStatusInfo@37d05ff)
01-03 14:05:11.952  5848  5848 W efeld.solitair: Accessing hidden method Landroid/view/View;->computeFitSystemWindows(Landroid/graphics/Rect;Landroid/graphics/Rect;)Z (light greylist, reflection)
01-03 14:05:11.952  5848  5848 W efeld.solitair: Accessing hidden method Landroid/view/ViewGroup;->makeOptionalFitsSystemWindows()V (light greylist, reflection)
01-03 14:05:11.953  5848  5848 D AndroidRuntime: Shutting down VM
01-03 14:05:11.954  5848  5848 E AndroidRuntime: FATAL EXCEPTION: main
01-03 14:05:11.954  5848  5848 E AndroidRuntime: Process: de.tobiasbielefeld.solitaire, PID: 5848
01-03 14:05:11.954  5848  5848 E AndroidRuntime: java.lang.RuntimeException: Unable to start activity ComponentInfo{de.tobiasbielefeld.solitaire/de.tobiasbielefeld.solitaire.ui.GameSelector}: android.view.InflateException: Binary XML file line #10: Binary XML file line #10: Error inflating class android.support.v4.widget.DrawerLayout
01-03 14:05:11.954  5848  5848 E AndroidRuntime: 	at android.app.ActivityThread.performLaunchActivity(ActivityThread.java:2913)
01-03 14:05:11.954  5848  5848 E AndroidRuntime: 	at android.app.ActivityThread.handleLaunchActivity(ActivityThread.java:3048)
01-03 14:05:11.954  5848  5848 E AndroidRuntime: 	at android.app.servertransaction.LaunchActivityItem.execute(LaunchActivityItem.java:78)
01-03 14:05:11.954  5848  5848 E AndroidRuntime: 	at android.app.servertransaction.TransactionExecutor.executeCallbacks(TransactionExecutor.java:108)
01-03 14:05:11.954  5848  5848 E AndroidRuntime: 	at android.app.servertransaction.TransactionExecutor.execute(TransactionExecutor.java:68)
01-03 14:05:11.954  5848  5848 E AndroidRuntime: 	at android.app.ActivityThread$H.handleMessage(ActivityThread.java:1808)
01-03 14:05:11.954  5848  5848 E AndroidRuntime: 	at android.os.Handler.dispatchMessage(Handler.java:106)
01-03 14:05:11.954  5848  5848 E AndroidRuntime: 	at android.os.Looper.loop(Looper.java:193)
01-03 14:05:11.954  5848  5848 E AndroidRuntime: 	at android.app.ActivityThread.main(ActivityThread.java:6669)
01-03 14:05:11.954  5848  5848 E AndroidRuntime: 	at java.lang.reflect.Method.invoke(Native Method)
01-03 14:05:11.954  5848  5848 E AndroidRuntime: 	at com.android.internal.os.RuntimeInit$MethodAndArgsCaller.run(RuntimeInit.java:493)
01-03 14:05:11.954  5848  5848 E AndroidRuntime: 	at com.android.internal.os.ZygoteInit.main(ZygoteInit.java:858)
01-03 14:05:11.954  5848  5848 E AndroidRuntime: Caused by: android.view.InflateException: Binary XML file line #10: Binary XML file line #10: Error inflating class android.support.v4.widget.DrawerLayout
01-03 14:05:11.954  5848  5848 E AndroidRuntime: Caused by: android.view.InflateException: Binary XML file line #10: Error inflating class android.support.v4.widget.DrawerLayout
01-03 14:05:11.954  5848  5848 E AndroidRuntime: Caused by: java.lang.ClassNotFoundException: Didn't find class "android.support.v4.widget.DrawerLayout" on path: DexPathList[[zip file "/data/app/de.tobiasbielefeld.solitaire-16UBY6PluNC16WXdu5xZkg==/base.apk"],nativeLibraryDirectories=[/data/app/de.tobiasbielefeld.solitaire-16UBY6PluNC16WXdu5xZkg==/lib/arm64, /system/lib64]]
01-03 14:05:11.954  5848  5848 E AndroidRuntime: 	at dalvik.system.BaseDexClassLoader.findClass(BaseDexClassLoader.java:134)
01-03 14:05:11.954  5848  5848 E AndroidRuntime: 	at java.lang.ClassLoader.loadClass(ClassLoader.java:379)
01-03 14:05:11.954  5848  5848 E AndroidRuntime: 	at java.lang.ClassLoader.loadClass(ClassLoader.java:312)
01-03 14:05:11.954  5848  5848 E AndroidRuntime: 	at android.view.LayoutInflater.createView(LayoutInflater.java:606)
01-03 14:05:11.954  5848  5848 E AndroidRuntime: 	at android.view.LayoutInflater.createViewFromTag(LayoutInflater.java:790)
01-03 14:05:11.954  5848  5848 E AndroidRuntime: 	at android.view.LayoutInflater.createViewFromTag(LayoutInflater.java:730)
01-03 14:05:11.954  5848  5848 E AndroidRuntime: 	at android.view.LayoutInflater.inflate(LayoutInflater.java:492)
01-03 14:05:11.954  5848  5848 E AndroidRuntime: 	at android.view.LayoutInflater.inflate(LayoutInflater.java:423)
01-03 14:05:11.954  5848  5848 E AndroidRuntime: 	at android.view.LayoutInflater.inflate(LayoutInflater.java:374)
01-03 14:05:11.954  5848  5848 E AndroidRuntime: 	at androidx.appcompat.app.AppCompatDelegateImpl.setContentView(AppCompatDelegateImpl.java:706)
01-03 14:05:11.954  5848  5848 E AndroidRuntime: 	at androidx.appcompat.app.AppCompatActivity.setContentView(AppCompatActivity.java:195)
01-03 14:05:11.954  5848  5848 E AndroidRuntime: 	at de.tobiasbielefeld.solitaire.ui.GameSelector.onCreate(GameSelector.java:43)
01-03 14:05:11.954  5848  5848 E AndroidRuntime: 	at android.app.Activity.performCreate(Activity.java:7136)
01-03 14:05:11.954  5848  5848 E AndroidRuntime: 	at android.app.Activity.performCreate(Activity.java:7127)
01-03 14:05:11.954  5848  5848 E AndroidRuntime: 	at android.app.Instrumentation.callActivityOnCreate(Instrumentation.java:1271)
01-03 14:05:11.954  5848  5848 E AndroidRuntime: 	at android.app.ActivityThread.performLaunchActivity(ActivityThread.java:2893)
01-03 14:05:11.954  5848  5848 E AndroidRuntime: 	at android.app.ActivityThread.handleLaunchActivity(ActivityThread.java:3048)
01-03 14:05:11.954  5848  5848 E AndroidRuntime: 	at android.app.servertransaction.LaunchActivityItem.execute(LaunchActivityItem.java:78)
01-03 14:05:11.954  5848  5848 E AndroidRuntime: 	at android.app.servertransaction.TransactionExecutor.executeCallbacks(TransactionExecutor.java:108)
01-03 14:05:11.954  5848  5848 E AndroidRuntime: 	at android.app.servertransaction.TransactionExecutor.execute(TransactionExecutor.java:68)
01-03 14:05:11.954  5848  5848 E AndroidRuntime: 	at android.app.ActivityThread$H.handleMessage(ActivityThread.java:1808)
01-03 14:05:11.954  5848  5848 E AndroidRuntime: 	at android.os.Handler.dispatchMessage(Handler.java:106)
01-03 14:05:11.954  5848  5848 E AndroidRuntime: 	at android.os.Looper.loop(Looper.java:193)
01-03 14:05:11.954  5848  5848 E AndroidRuntime: 	at android.app.ActivityThread.main(ActivityThread.java:6669)
01-03 14:05:11.954  5848  5848 E AndroidRuntime: 	at java.lang.reflect.Method.invoke(Native Method)
01-03 14:05:11.954  5848  5848 E AndroidRuntime: 	at com.android.internal.os.RuntimeInit$MethodAndArgsCaller.run(RuntimeInit.java:493)
01-03 14:05:11.954  5848  5848 E AndroidRuntime: 	at com.android.internal.os.ZygoteInit.main(ZygoteInit.java:858)
01-03 14:05:11.955  1609  1752 W ActivityManager:   Force finishing activity de.tobiasbielefeld.solitaire/.ui.GameSelector
01-03 14:05:11.956  1609  1624 I ActivityManager: Showing crash dialog for package de.tobiasbielefeld.solitaire u0
01-03 14:05:11.957  1609  1623 W BroadcastQueue: Background execution not allowed: receiving Intent { act=android.intent.action.DROPBOX_ENTRY_ADDED flg=0x10 (has extras) } to com.google.android.gms/.stats.service.DropBoxEntryAddedReceiver
01-03 14:05:11.965  1370  1370 D gralloc_ranchu: gralloc_alloc: Creating ashmem region of size 1810432
01-03 14:05:11.966  1370  1412 D gralloc_ranchu: gralloc_alloc: Creating ashmem region of size 1810432
01-03 14:05:11.966  1370  1412 D gralloc_ranchu: gralloc_alloc: Creating ashmem region of size 1810432
01-03 14:05:11.967  1609  4543 D HostConnection: HostConnection::get() New Host Connection established 0x742e9ade80, tid 4543
01-03 14:05:11.967  1609  4543 D HostConnection: HostComposition ext ANDROID_EMU_CHECKSUM_HELPER_v1 ANDROID_EMU_sync_buffer_data ANDROID_EMU_hwc_color_transform GL_OES_EGL_image_external_essl3 GL_OES_vertex_array_object ANDROID_EMU_host_side_tracing ANDROID_EMU_gles_max_version_3_0 
01-03 14:05:11.967  1609  4543 I ConfigStore: android::hardware::configstore::V1_0::ISurfaceFlingerConfigs::hasWideColorDisplay retrieved: 0
01-03 14:05:11.967  1609  4543 I ConfigStore: android::hardware::configstore::V1_0::ISurfaceFlingerConfigs::hasHDRDisplay retrieved: 0
01-03 14:05:11.967  1609  4543 I OpenGLRenderer: Initialized EGL, version 1.4
01-03 14:05:11.967  1609  4543 D OpenGLRenderer: Swap behavior 1
01-03 14:05:11.967  1609  4543 W OpenGLRenderer: Failed to choose config with EGL_SWAP_BEHAVIOR_PRESERVED, retrying without...
01-03 14:05:11.967  1609  4543 D OpenGLRenderer: Swap behavior 0
01-03 14:05:11.968  1609  4543 D eglCodecCommon: setVertexArrayObject: set vao to 0 (0) 0 0
01-03 14:05:11.968  1609  4543 D EGL_emulation: eglCreateContext: 0x742e9adf20: maj 3 min 0 rcv 3
01-03 14:05:11.968  1609  4543 D EGL_emulation: eglMakeCurrent: 0x742e9adf20: ver 3 0 (tinfo 0x742e9afce0)
01-03 14:05:11.981  1609  4543 D EGL_emulation: eglMakeCurrent: 0x742e9adf20: ver 3 0 (tinfo 0x742e9afce0)
01-03 14:05:11.983  1609  4543 D eglCodecCommon: setVertexArrayObject: set vao to 0 (0) 3 2
01-03 14:05:12.032  1793  1981 D EGL_emulation: eglMakeCurrent: 0x7450038a80: ver 3 0 (tinfo 0x74500926e0)
01-03 14:05:12.150  1793  1981 I chatty  : uid=10021(com.android.systemui) RenderThread identical 13 lines
01-03 14:05:12.151  1793  1981 D EGL_emulation: eglMakeCurrent: 0x7450038a80: ver 3 0 (tinfo 0x74500926e0)
01-03 14:05:12.217  2355  2509 D EGL_emulation: eglMakeCurrent: 0x744cd8a500: ver 3 0 (tinfo 0x744cd39f00)
01-03 14:05:12.219  1793  1981 D EGL_emulation: eglMakeCurrent: 0x7450038a80: ver 3 0 (tinfo 0x74500926e0)
01-03 14:05:12.456  1609  1623 W ActivityManager: Activity pause timeout for ActivityRecord{cc063e9 u0 de.tobiasbielefeld.solitaire/.ui.GameSelector t61 f}
01-03 14:05:12.221  1793  1981 I chatty  : uid=10021(com.android.systemui) RenderThread identical 1 line
01-03 14:05:12.468  1793  1981 D EGL_emulation: eglMakeCurrent: 0x7450038a80: ver 3 0 (tinfo 0x74500926e0)
01-03 14:05:12.470  1370  1412 D gralloc_ranchu: gralloc_alloc: Creating ashmem region of size 3690496
01-03 14:05:12.471  1793  1981 D EGL_emulation: eglMakeCurrent: 0x7450038a80: ver 3 0 (tinfo 0x74500926e0)
01-03 14:05:12.471  1370  1370 D gralloc_ranchu: gralloc_alloc: Creating ashmem region of size 3690496
01-03 14:05:12.472  1370  1411 D gralloc_ranchu: gralloc_alloc: Creating ashmem region of size 3690496
01-03 14:05:12.488  2355  2509 D EGL_emulation: eglMakeCurrent: 0x744cd8a500: ver 3 0 (tinfo 0x744cd39f00)
01-03 14:05:12.560  1609  1627 E BatteryExternalStatsWorker: no controller energy info supplied for wifi
01-03 14:05:12.636  1480  1493 E storaged: getDiskStats failed with result NOT_SUPPORTED and size 0
01-03 14:05:12.943  1609  1962 I GnssLocationProvider: WakeLock acquired by sendMessage(REPORT_SV_STATUS, 0, com.android.server.location.GnssLocationProvider$SvStatusInfo@31f8ef4)
01-03 14:05:12.943  1609  1622 I GnssLocationProvider: WakeLock released by handleMessage(REPORT_SV_STATUS, 0, com.android.server.location.GnssLocationProvider$SvStatusInfo@31f8ef4)
01-03 14:05:13.476  1609  1752 W ActivityManager:   Force finishing activity de.tobiasbielefeld.solitaire/.ui.GameSelector
01-03 14:05:13.481  1609  4543 D EGL_emulation: eglMakeCurrent: 0x742e9adf20: ver 3 0 (tinfo 0x742e9afce0)
01-03 14:05:13.482  1467  1495 W SurfaceFlinger: Attempting to destroy on removed layer: AppWindowToken{6513b0f token=Token{b91b86e ActivityRecord{cc063e9 u0 de.tobiasbielefeld.solitaire/.ui.GameSelector t61}}}#0
01-03 14:05:13.482  1609  1752 I ActivityManager: Killing 5848:de.tobiasbielefeld.solitaire/u0a90 (adj 900): crash
01-03 14:05:13.483  1609  1626 W libprocessgroup: kill(-5848, 9) failed: No such process
01-03 14:05:13.486  1609  4543 D OpenGLRenderer: endAllActiveAnimators on 0x74239ee700 (RippleDrawable) with handle 0x742cd3cda0
01-03 14:05:13.498  1793  1981 D EGL_emulation: eglMakeCurrent: 0x7450038a80: ver 3 0 (tinfo 0x74500926e0)
01-03 14:05:13.515  1793  1981 I chatty  : uid=10021(com.android.systemui) RenderThread identical 2 lines
01-03 14:05:13.518  1793  1981 D EGL_emulation: eglMakeCurrent: 0x7450038a80: ver 3 0 (tinfo 0x74500926e0)
01-03 14:05:13.521  1609  1626 W libprocessgroup: kill(-5848, 9) failed: No such process
01-03 14:05:13.534  1793  1981 D EGL_emulation: eglMakeCurrent: 0x7450038a80: ver 3 0 (tinfo 0x74500926e0)
01-03 14:05:13.538  1793  1981 D EGL_emulation: eglMakeCurrent: 0x7450038a80: ver 3 0 (tinfo 0x74500926e0)
01-03 14:05:13.542  1468  1468 I Zygote  : Process 5848 exited due to signal (9)
01-03 14:05:13.552  1793  1981 D EGL_emulation: eglMakeCurrent: 0x7450038a80: ver 3 0 (tinfo 0x74500926e0)
01-03 14:05:13.555  1793  1981 D EGL_emulation: eglMakeCurrent: 0x7450038a80: ver 3 0 (tinfo 0x74500926e0)
01-03 14:05:13.562  1609  1626 W libprocessgroup: kill(-5848, 9) failed: No such process
01-03 14:05:13.562  1609  1626 I libprocessgroup: Successfully killed process cgroup uid 10090 pid 5848 in 79ms
01-03 14:05:13.571  1793  1981 D EGL_emulation: eglMakeCurrent: 0x7450038a80: ver 3 0 (tinfo 0x74500926e0)
01-03 14:05:13.624  1793  1981 I chatty  : uid=10021(com.android.systemui) RenderThread identical 6 lines
01-03 14:05:13.626  1793  1981 D EGL_emulation: eglMakeCurrent: 0x7450038a80: ver 3 0 (tinfo 0x74500926e0)
--
01-03 14:05:14.680  5881  5881 I ResourcesCompat: 	at java.lang.reflect.Method.invoke(Native Method)
01-03 14:05:14.680  5881  5881 I ResourcesCompat: 	at com.android.internal.os.RuntimeInit$MethodAndArgsCaller.run(RuntimeInit.java:493)
01-03 14:05:14.680  5881  5881 I ResourcesCompat: 	at com.android.internal.os.ZygoteInit.main(ZygoteInit.java:858)
01-03 14:05:14.682  5881  5881 W efeld.solitair: Accessing hidden field Landroid/graphics/Insets;->left:I (light greylist, linking)
01-03 14:05:14.682  5881  5881 W efeld.solitair: Accessing hidden field Landroid/graphics/Insets;->top:I (light greylist, linking)
01-03 14:05:14.682  5881  5881 W efeld.solitair: Accessing hidden field Landroid/graphics/Insets;->right:I (light greylist, linking)
01-03 14:05:14.682  5881  5881 W efeld.solitair: Accessing hidden field Landroid/graphics/Insets;->bottom:I (light greylist, linking)
01-03 14:05:14.694  5881  5881 W efeld.solitair: Accessing hidden method Landroid/view/View;->computeFitSystemWindows(Landroid/graphics/Rect;Landroid/graphics/Rect;)Z (light greylist, reflection)
01-03 14:05:14.694  5881  5881 W efeld.solitair: Accessing hidden method Landroid/view/ViewGroup;->makeOptionalFitsSystemWindows()V (light greylist, reflection)
01-03 14:05:14.694  5881  5881 D AndroidRuntime: Shutting down VM
01-03 14:05:14.695  5881  5881 E AndroidRuntime: FATAL EXCEPTION: main
01-03 14:05:14.695  5881  5881 E AndroidRuntime: Process: de.tobiasbielefeld.solitaire, PID: 5881
01-03 14:05:14.695  5881  5881 E AndroidRuntime: java.lang.RuntimeException: Unable to start activity ComponentInfo{de.tobiasbielefeld.solitaire/de.tobiasbielefeld.solitaire.ui.GameSelector}: android.view.InflateException: Binary XML file line #10: Binary XML file line #10: Error inflating class android.support.v4.widget.DrawerLayout
01-03 14:05:14.695  5881  5881 E AndroidRuntime: 	at android.app.ActivityThread.performLaunchActivity(ActivityThread.java:2913)
01-03 14:05:14.695  5881  5881 E AndroidRuntime: 	at android.app.ActivityThread.handleLaunchActivity(ActivityThread.java:3048)
01-03 14:05:14.695  5881  5881 E AndroidRuntime: 	at android.app.servertransaction.LaunchActivityItem.execute(LaunchActivityItem.java:78)
01-03 14:05:14.695  5881  5881 E AndroidRuntime: 	at android.app.servertransaction.TransactionExecutor.executeCallbacks(TransactionExecutor.java:108)
01-03 14:05:14.695  5881  5881 E AndroidRuntime: 	at android.app.servertransaction.TransactionExecutor.execute(TransactionExecutor.java:68)
01-03 14:05:14.695  5881  5881 E AndroidRuntime: 	at android.app.ActivityThread$H.handleMessage(ActivityThread.java:1808)
01-03 14:05:14.695  5881  5881 E AndroidRuntime: 	at android.os.Handler.dispatchMessage(Handler.java:106)
01-03 14:05:14.695  5881  5881 E AndroidRuntime: 	at android.os.Looper.loop(Looper.java:193)
01-03 14:05:14.695  5881  5881 E AndroidRuntime: 	at android.app.ActivityThread.main(ActivityThread.java:6669)
01-03 14:05:14.695  5881  5881 E AndroidRuntime: 	at java.lang.reflect.Method.invoke(Native Method)
01-03 14:05:14.695  5881  5881 E AndroidRuntime: 	at com.android.internal.os.RuntimeInit$MethodAndArgsCaller.run(RuntimeInit.java:493)
01-03 14:05:14.695  5881  5881 E AndroidRuntime: 	at com.android.internal.os.ZygoteInit.main(ZygoteInit.java:858)
01-03 14:05:14.695  5881  5881 E AndroidRuntime: Caused by: android.view.InflateException: Binary XML file line #10: Binary XML file line #10: Error inflating class android.support.v4.widget.DrawerLayout
01-03 14:05:14.695  5881  5881 E AndroidRuntime: Caused by: android.view.InflateException: Binary XML file line #10: Error inflating class android.support.v4.widget.DrawerLayout
01-03 14:05:14.695  5881  5881 E AndroidRuntime: Caused by: java.lang.ClassNotFoundException: Didn't find class "android.support.v4.widget.DrawerLayout" on path: DexPathList[[zip file "/data/app/de.tobiasbielefeld.solitaire-16UBY6PluNC16WXdu5xZkg==/base.apk"],nativeLibraryDirectories=[/data/app/de.tobiasbielefeld.solitaire-16UBY6PluNC16WXdu5xZkg==/lib/arm64, /system/lib64]]
01-03 14:05:14.695  5881  5881 E AndroidRuntime: 	at dalvik.system.BaseDexClassLoader.findClass(BaseDexClassLoader.java:134)
01-03 14:05:14.695  5881  5881 E AndroidRuntime: 	at java.lang.ClassLoader.loadClass(ClassLoader.java:379)
01-03 14:05:14.695  5881  5881 E AndroidRuntime: 	at java.lang.ClassLoader.loadClass(ClassLoader.java:312)
01-03 14:05:14.695  5881  5881 E AndroidRuntime: 	at android.view.LayoutInflater.createView(LayoutInflater.java:606)
01-03 14:05:14.695  5881  5881 E AndroidRuntime: 	at android.view.LayoutInflater.createViewFromTag(LayoutInflater.java:790)
01-03 14:05:14.695  5881  5881 E AndroidRuntime: 	at android.view.LayoutInflater.createViewFromTag(LayoutInflater.java:730)
01-03 14:05:14.695  5881  5881 E AndroidRuntime: 	at android.view.LayoutInflater.inflate(LayoutInflater.java:492)
01-03 14:05:14.695  5881  5881 E AndroidRuntime: 	at android.view.LayoutInflater.inflate(LayoutInflater.java:423)
01-03 14:05:14.695  5881  5881 E AndroidRuntime: 	at android.view.LayoutInflater.inflate(LayoutInflater.java:374)
01-03 14:05:14.695  5881  5881 E AndroidRuntime: 	at androidx.appcompat.app.AppCompatDelegateImpl.setContentView(AppCompatDelegateImpl.java:706)
01-03 14:05:14.695  5881  5881 E AndroidRuntime: 	at androidx.appcompat.app.AppCompatActivity.setContentView(AppCompatActivity.java:195)
01-03 14:05:14.695  5881  5881 E AndroidRuntime: 	at de.tobiasbielefeld.solitaire.ui.GameSelector.onCreate(GameSelector.java:43)
01-03 14:05:14.695  5881  5881 E AndroidRuntime: 	at android.app.Activity.performCreate(Activity.java:7136)
01-03 14:05:14.695  5881  5881 E AndroidRuntime: 	at android.app.Activity.performCreate(Activity.java:7127)
01-03 14:05:14.695  5881  5881 E AndroidRuntime: 	at android.app.Instrumentation.callActivityOnCreate(Instrumentation.java:1271)
01-03 14:05:14.695  5881  5881 E AndroidRuntime: 	at android.app.ActivityThread.performLaunchActivity(ActivityThread.java:2893)
01-03 14:05:14.695  5881  5881 E AndroidRuntime: 	at android.app.ActivityThread.handleLaunchActivity(ActivityThread.java:3048)
01-03 14:05:14.695  5881  5881 E AndroidRuntime: 	at android.app.servertransaction.LaunchActivityItem.execute(LaunchActivityItem.java:78)
01-03 14:05:14.695  5881  5881 E AndroidRuntime: 	at android.app.servertransaction.TransactionExecutor.executeCallbacks(TransactionExecutor.java:108)
01-03 14:05:14.695  5881  5881 E AndroidRuntime: 	at android.app.servertransaction.TransactionExecutor.execute(TransactionExecutor.java:68)
01-03 14:05:14.695  5881  5881 E AndroidRuntime: 	at android.app.ActivityThread$H.handleMessage(ActivityThread.java:1808)
01-03 14:05:14.695  5881  5881 E AndroidRuntime: 	at android.os.Handler.dispatchMessage(Handler.java:106)
01-03 14:05:14.695  5881  5881 E AndroidRuntime: 	at android.os.Looper.loop(Looper.java:193)
01-03 14:05:14.695  5881  5881 E AndroidRuntime: 	at android.app.ActivityThread.main(ActivityThread.java:6669)
01-03 14:05:14.695  5881  5881 E AndroidRuntime: 	at java.lang.reflect.Method.invoke(Native Method)
01-03 14:05:14.695  5881  5881 E AndroidRuntime: 	at com.android.internal.os.RuntimeInit$MethodAndArgsCaller.run(RuntimeInit.java:493)
01-03 14:05:14.695  5881  5881 E AndroidRuntime: 	at com.android.internal.os.ZygoteInit.main(ZygoteInit.java:858)
01-03 14:05:14.696  1609  2939 W ActivityManager:   Force finishing activity de.tobiasbielefeld.solitaire/.ui.GameSelector
01-03 14:05:14.697  1609  1624 I ActivityManager: Showing crash dialog for package de.tobiasbielefeld.solitaire u0
01-03 14:05:14.700  1609  1623 W BroadcastQueue: Background execution not allowed: receiving Intent { act=android.intent.action.DROPBOX_ENTRY_ADDED flg=0x10 (has extras) } to com.google.android.gms/.stats.service.DropBoxEntryAddedReceiver
01-03 14:05:14.707  1609  4543 D HostConnection: HostConnection::get() New Host Connection established 0x742e9adf20, tid 4543
01-03 14:05:14.708  1370  1411 D gralloc_ranchu: gralloc_alloc: Creating ashmem region of size 1810432
01-03 14:05:14.707  1609  4543 D HostConnection: HostComposition ext ANDROID_EMU_CHECKSUM_HELPER_v1 ANDROID_EMU_sync_buffer_data ANDROID_EMU_hwc_color_transform GL_OES_EGL_image_external_essl3 GL_OES_vertex_array_object ANDROID_EMU_host_side_tracing ANDROID_EMU_gles_max_version_3_0 
01-03 14:05:14.708  1370  1412 D gralloc_ranchu: gralloc_alloc: Creating ashmem region of size 1810432
01-03 14:05:14.708  1370  1412 D gralloc_ranchu: gralloc_alloc: Creating ashmem region of size 1810432
01-03 14:05:14.708  1609  4543 I ConfigStore: android::hardware::configstore::V1_0::ISurfaceFlingerConfigs::hasWideColorDisplay retrieved: 0
01-03 14:05:14.708  1609  4543 I ConfigStore: android::hardware::configstore::V1_0::ISurfaceFlingerConfigs::hasHDRDisplay retrieved: 0
01-03 14:05:14.708  1609  4543 I OpenGLRenderer: Initialized EGL, version 1.4
01-03 14:05:14.708  1609  4543 D OpenGLRenderer: Swap behavior 1
01-03 14:05:14.708  1609  4543 W OpenGLRenderer: Failed to choose config with EGL_SWAP_BEHAVIOR_PRESERVED, retrying without...
01-03 14:05:14.708  1609  4543 D OpenGLRenderer: Swap behavior 0
01-03 14:05:14.708  1609  4543 D eglCodecCommon: setVertexArrayObject: set vao to 0 (0) 0 0
01-03 14:05:14.708  1609  4543 D EGL_emulation: eglCreateContext: 0x7430d59f40: maj 3 min 0 rcv 3
01-03 14:05:14.709  1609  4543 D EGL_emulation: eglMakeCurrent: 0x7430d59f40: ver 3 0 (tinfo 0x742e9afce0)
01-03 14:05:14.722  1609  4543 D EGL_emulation: eglMakeCurrent: 0x7430d59f40: ver 3 0 (tinfo 0x742e9afce0)
01-03 14:05:14.724  1609  4543 D eglCodecCommon: setVertexArrayObject: set vao to 0 (0) 3 2
01-03 14:05:14.758  1793  1981 D EGL_emulation: eglMakeCurrent: 0x7450038a80: ver 3 0 (tinfo 0x74500926e0)
01-03 14:05:14.874  1793  1981 I chatty  : uid=10021(com.android.systemui) RenderThread identical 14 lines
01-03 14:05:14.876  1793  1981 D EGL_emulation: eglMakeCurrent: 0x7450038a80: ver 3 0 (tinfo 0x74500926e0)
01-03 14:05:14.944  2355  2509 D EGL_emulation: eglMakeCurrent: 0x744cd8a500: ver 3 0 (tinfo 0x744cd39f00)
01-03 14:05:14.947  1793  1981 D EGL_emulation: eglMakeCurrent: 0x7450038a80: ver 3 0 (tinfo 0x74500926e0)
01-03 14:05:14.952  1609  1962 I GnssLocationProvider: WakeLock acquired by sendMessage(REPORT_SV_STATUS, 0, com.android.server.location.GnssLocationProvider$SvStatusInfo@79d4d7f)
01-03 14:05:14.953  1609  1622 I GnssLocationProvider: WakeLock released by handleMessage(REPORT_SV_STATUS, 0, com.android.server.location.GnssLocationProvider$SvStatusInfo@79d4d7f)
01-03 14:05:14.958  1793  1981 D EGL_emulation: eglMakeCurrent: 0x7450038a80: ver 3 0 (tinfo 0x74500926e0)
01-03 14:05:15.197  1609  1623 W ActivityManager: Activity pause timeout for ActivityRecord{93e9d24 u0 de.tobiasbielefeld.solitaire/.ui.GameSelector t62 f}
01-03 14:05:15.212  1793  1981 D EGL_emulation: eglMakeCurrent: 0x7450038a80: ver 3 0 (tinfo 0x74500926e0)
01-03 14:05:15.213  1370  1412 D gralloc_ranchu: gralloc_alloc: Creating ashmem region of size 3690496
01-03 14:05:15.214  1370  1411 D gralloc_ranchu: gralloc_alloc: Creating ashmem region of size 3690496
01-03 14:05:15.214  1370  1370 D gralloc_ranchu: gralloc_alloc: Creating ashmem region of size 3690496
01-03 14:05:15.218  1793  1981 D EGL_emulation: eglMakeCurrent: 0x7450038a80: ver 3 0 (tinfo 0x74500926e0)
01-03 14:05:15.229  2355  2509 D EGL_emulation: eglMakeCurrent: 0x744cd8a500: ver 3 0 (tinfo 0x744cd39f00)
01-03 14:05:15.696  1609  2939 W ActivityManager:   Force finishing activity de.tobiasbielefeld.solitaire/.ui.GameSelector
01-03 14:05:15.698  1609  2939 I ActivityManager: Killing 5881:de.tobiasbielefeld.solitaire/u0a90 (adj 900): crash
01-03 14:05:15.699  1609  4543 D EGL_emulation: eglMakeCurrent: 0x7430d59f40: ver 3 0 (tinfo 0x742e9afce0)
01-03 14:05:15.700  1609  4543 D OpenGLRenderer: endAllActiveAnimators on 0x74237caf00 (RippleDrawable) with handle 0x7430c3e620
01-03 14:05:15.700  1609  1626 W libprocessgroup: kill(-5881, 9) failed: No such process
01-03 14:05:15.719  1793  1981 D EGL_emulation: eglMakeCurrent: 0x7450038a80: ver 3 0 (tinfo 0x74500926e0)
01-03 14:05:15.737  1793  1981 I chatty  : uid=10021(com.android.systemui) RenderThread identical 2 lines
01-03 14:05:15.740  1793  1981 D EGL_emulation: eglMakeCurrent: 0x7450038a80: ver 3 0 (tinfo 0x74500926e0)
01-03 14:05:15.741  1609  1626 W libprocessgroup: kill(-5881, 9) failed: No such process
01-03 14:05:15.755  1793  1981 D EGL_emulation: eglMakeCurrent: 0x7450038a80: ver 3 0 (tinfo 0x74500926e0)
01-03 14:05:15.756  1468  1468 I Zygote  : Process 5881 exited due to signal (9)
01-03 14:05:15.760  1793  1981 D EGL_emulation: eglMakeCurrent: 0x7450038a80: ver 3 0 (tinfo 0x74500926e0)
01-03 14:05:15.771  1793  1981 I chatty  : uid=10021(com.android.systemui) RenderThread identical 1 line
01-03 14:05:15.774  1793  1981 D EGL_emulation: eglMakeCurrent: 0x7450038a80: ver 3 0 (tinfo 0x74500926e0)
01-03 14:05:15.784  1609  1626 W libprocessgroup: kill(-5881, 9) failed: No such process
01-03 14:05:15.784  1609  1626 I libprocessgroup: Successfully killed process cgroup uid 10090 pid 5881 in 84ms
01-03 14:05:15.787  1793  1981 D EGL_emulation: eglMakeCurrent: 0x7450038a80: ver 3 0 (tinfo 0x74500926e0)
01-03 14:05:15.855  1793  1981 I chatty  : uid=10021(com.android.systemui) RenderThread identical 8 lines
01-03 14:05:15.858  1793  1981 D EGL_emulation: eglMakeCurrent: 0x7450038a80: ver 3 0 (tinfo 0x74500926e0)
01-03 14:05:15.873  1467  1696 W SurfaceFlinger: Attempting to set client state on removed layer: Dim Layer for - mAboveAppWindowsContainers#0
01-03 14:05:15.873  1467  1696 W SurfaceFlinger: Attempting to destroy on removed layer: Dim Layer for - mAboveAppWindowsContainers#0
01-03 14:05:15.873  1467  1495 W SurfaceFlinger: Attempting to destroy on removed layer: 220d633 Application Error: de.tobiasbielefeld.solitaire#0
--
01-03 14:07:59.172  5963  5963 I ResourcesCompat: 	at java.lang.reflect.Method.invoke(Native Method)
01-03 14:07:59.172  5963  5963 I ResourcesCompat: 	at com.android.internal.os.RuntimeInit$MethodAndArgsCaller.run(RuntimeInit.java:493)
01-03 14:07:59.172  5963  5963 I ResourcesCompat: 	at com.android.internal.os.ZygoteInit.main(ZygoteInit.java:858)
01-03 14:07:59.175  5963  5963 W efeld.solitair: Accessing hidden field Landroid/graphics/Insets;->left:I (light greylist, linking)
01-03 14:07:59.175  5963  5963 W efeld.solitair: Accessing hidden field Landroid/graphics/Insets;->top:I (light greylist, linking)
01-03 14:07:59.175  5963  5963 W efeld.solitair: Accessing hidden field Landroid/graphics/Insets;->right:I (light greylist, linking)
01-03 14:07:59.175  5963  5963 W efeld.solitair: Accessing hidden field Landroid/graphics/Insets;->bottom:I (light greylist, linking)
01-03 14:07:59.185  5963  5963 W efeld.solitair: Accessing hidden method Landroid/view/View;->computeFitSystemWindows(Landroid/graphics/Rect;Landroid/graphics/Rect;)Z (light greylist, reflection)
01-03 14:07:59.185  5963  5963 W efeld.solitair: Accessing hidden method Landroid/view/ViewGroup;->makeOptionalFitsSystemWindows()V (light greylist, reflection)
01-03 14:07:59.186  5963  5963 D AndroidRuntime: Shutting down VM
01-03 14:07:59.186  5963  5963 E AndroidRuntime: FATAL EXCEPTION: main
01-03 14:07:59.186  5963  5963 E AndroidRuntime: Process: de.tobiasbielefeld.solitaire, PID: 5963
01-03 14:07:59.186  5963  5963 E AndroidRuntime: java.lang.RuntimeException: Unable to start activity ComponentInfo{de.tobiasbielefeld.solitaire/de.tobiasbielefeld.solitaire.ui.GameSelector}: android.view.InflateException: Binary XML file line #10: Binary XML file line #10: Error inflating class android.support.v4.widget.DrawerLayout
01-03 14:07:59.186  5963  5963 E AndroidRuntime: 	at android.app.ActivityThread.performLaunchActivity(ActivityThread.java:2913)
01-03 14:07:59.186  5963  5963 E AndroidRuntime: 	at android.app.ActivityThread.handleLaunchActivity(ActivityThread.java:3048)
01-03 14:07:59.186  5963  5963 E AndroidRuntime: 	at android.app.servertransaction.LaunchActivityItem.execute(LaunchActivityItem.java:78)
01-03 14:07:59.186  5963  5963 E AndroidRuntime: 	at android.app.servertransaction.TransactionExecutor.executeCallbacks(TransactionExecutor.java:108)
01-03 14:07:59.186  5963  5963 E AndroidRuntime: 	at android.app.servertransaction.TransactionExecutor.execute(TransactionExecutor.java:68)
01-03 14:07:59.186  5963  5963 E AndroidRuntime: 	at android.app.ActivityThread$H.handleMessage(ActivityThread.java:1808)
01-03 14:07:59.186  5963  5963 E AndroidRuntime: 	at android.os.Handler.dispatchMessage(Handler.java:106)
01-03 14:07:59.186  5963  5963 E AndroidRuntime: 	at android.os.Looper.loop(Looper.java:193)
01-03 14:07:59.186  5963  5963 E AndroidRuntime: 	at android.app.ActivityThread.main(ActivityThread.java:6669)
01-03 14:07:59.186  5963  5963 E AndroidRuntime: 	at java.lang.reflect.Method.invoke(Native Method)
01-03 14:07:59.186  5963  5963 E AndroidRuntime: 	at com.android.internal.os.RuntimeInit$MethodAndArgsCaller.run(RuntimeInit.java:493)
01-03 14:07:59.186  5963  5963 E AndroidRuntime: 	at com.android.internal.os.ZygoteInit.main(ZygoteInit.java:858)
01-03 14:07:59.186  5963  5963 E AndroidRuntime: Caused by: android.view.InflateException: Binary XML file line #10: Binary XML file line #10: Error inflating class android.support.v4.widget.DrawerLayout
01-03 14:07:59.186  5963  5963 E AndroidRuntime: Caused by: android.view.InflateException: Binary XML file line #10: Error inflating class android.support.v4.widget.DrawerLayout
01-03 14:07:59.186  5963  5963 E AndroidRuntime: Caused by: java.lang.ClassNotFoundException: Didn't find class "android.support.v4.widget.DrawerLayout" on path: DexPathList[[zip file "/data/app/de.tobiasbielefeld.solitaire-16UBY6PluNC16WXdu5xZkg==/base.apk"],nativeLibraryDirectories=[/data/app/de.tobiasbielefeld.solitaire-16UBY6PluNC16WXdu5xZkg==/lib/arm64, /system/lib64]]
01-03 14:07:59.186  5963  5963 E AndroidRuntime: 	at dalvik.system.BaseDexClassLoader.findClass(BaseDexClassLoader.java:134)
01-03 14:07:59.186  5963  5963 E AndroidRuntime: 	at java.lang.ClassLoader.loadClass(ClassLoader.java:379)
01-03 14:07:59.186  5963  5963 E AndroidRuntime: 	at java.lang.ClassLoader.loadClass(ClassLoader.java:312)
01-03 14:07:59.186  5963  5963 E AndroidRuntime: 	at android.view.LayoutInflater.createView(LayoutInflater.java:606)
01-03 14:07:59.186  5963  5963 E AndroidRuntime: 	at android.view.LayoutInflater.createViewFromTag(LayoutInflater.java:790)
01-03 14:07:59.186  5963  5963 E AndroidRuntime: 	at android.view.LayoutInflater.createViewFromTag(LayoutInflater.java:730)
01-03 14:07:59.186  5963  5963 E AndroidRuntime: 	at android.view.LayoutInflater.inflate(LayoutInflater.java:492)
01-03 14:07:59.186  5963  5963 E AndroidRuntime: 	at android.view.LayoutInflater.inflate(LayoutInflater.java:423)
01-03 14:07:59.186  5963  5963 E AndroidRuntime: 	at android.view.LayoutInflater.inflate(LayoutInflater.java:374)
01-03 14:07:59.186  5963  5963 E AndroidRuntime: 	at androidx.appcompat.app.AppCompatDelegateImpl.setContentView(AppCompatDelegateImpl.java:706)
01-03 14:07:59.186  5963  5963 E AndroidRuntime: 	at androidx.appcompat.app.AppCompatActivity.setContentView(AppCompatActivity.java:195)
01-03 14:07:59.186  5963  5963 E AndroidRuntime: 	at de.tobiasbielefeld.solitaire.ui.GameSelector.onCreate(GameSelector.java:43)
01-03 14:07:59.186  5963  5963 E AndroidRuntime: 	at android.app.Activity.performCreate(Activity.java:7136)
01-03 14:07:59.186  5963  5963 E AndroidRuntime: 	at android.app.Activity.performCreate(Activity.java:7127)
01-03 14:07:59.186  5963  5963 E AndroidRuntime: 	at android.app.Instrumentation.callActivityOnCreate(Instrumentation.java:1271)
01-03 14:07:59.186  5963  5963 E AndroidRuntime: 	at android.app.ActivityThread.performLaunchActivity(ActivityThread.java:2893)
01-03 14:07:59.186  5963  5963 E AndroidRuntime: 	at android.app.ActivityThread.handleLaunchActivity(ActivityThread.java:3048)
01-03 14:07:59.186  5963  5963 E AndroidRuntime: 	at android.app.servertransaction.LaunchActivityItem.execute(LaunchActivityItem.java:78)
01-03 14:07:59.186  5963  5963 E AndroidRuntime: 	at android.app.servertransaction.TransactionExecutor.executeCallbacks(TransactionExecutor.java:108)
01-03 14:07:59.186  5963  5963 E AndroidRuntime: 	at android.app.servertransaction.TransactionExecutor.execute(TransactionExecutor.java:68)
01-03 14:07:59.186  5963  5963 E AndroidRuntime: 	at android.app.ActivityThread$H.handleMessage(ActivityThread.java:1808)
01-03 14:07:59.186  5963  5963 E AndroidRuntime: 	at android.os.Handler.dispatchMessage(Handler.java:106)
01-03 14:07:59.186  5963  5963 E AndroidRuntime: 	at android.os.Looper.loop(Looper.java:193)
01-03 14:07:59.186  5963  5963 E AndroidRuntime: 	at android.app.ActivityThread.main(ActivityThread.java:6669)
01-03 14:07:59.186  5963  5963 E AndroidRuntime: 	at java.lang.reflect.Method.invoke(Native Method)
01-03 14:07:59.186  5963  5963 E AndroidRuntime: 	at com.android.internal.os.RuntimeInit$MethodAndArgsCaller.run(RuntimeInit.java:493)
01-03 14:07:59.186  5963  5963 E AndroidRuntime: 	at com.android.internal.os.ZygoteInit.main(ZygoteInit.java:858)
01-03 14:07:59.188  1609  3029 W ActivityManager:   Force finishing activity de.tobiasbielefeld.solitaire/.ui.GameSelector
