01-03 14:05:14.695  5881  5881 E AndroidRuntime: 	at com.android.internal.os.RuntimeInit$MethodAndArgsCaller.run(RuntimeInit.java:493)
01-03 14:05:14.695  5881  5881 E AndroidRuntime: 	at com.android.internal.os.ZygoteInit.main(ZygoteInit.java:858)
01-03 14:05:14.696  1609  2939 W ActivityManager:   Force finishing activity de.tobiasbielefeld.solitaire/.ui.GameSelector
01-03 14:05:14.697  1609  1624 I ActivityManager: Showing crash dialog for package de.tobiasbielefeld.solitaire u0
01-03 14:05:14.700  1609  1623 W BroadcastQueue: Background execution not allowed: receiving Intent { act=android.intent.action.DROPBOX_ENTRY_ADDED flg=0x10 (has extras) } to com.google.android.gms/.stats.service.DropBoxEntryAddedReceiver
01-03 14:05:14.707  1609  4543 D HostConnection: HostConnection::get() New Host Connection established 0x742e9adf20, tid 4543
01-03 14:05:14.708  1370  1411 D gralloc_ranchu: gralloc_alloc: Creating ashmem region of size 1810432
01-03 14:05:14.707  1609  4543 D HostConnection: HostComposition ext ANDROID_EMU_CHECKSUM_HELPER_v1 ANDROID_EMU_sync_buffer_data ANDROID_EMU_hwc_color_transform GL_OES_EGL_image_external_essl3 GL_OES_vertex_array_object ANDROID_EMU_host_side_tracing ANDROID_EMU_gles_max_version_3_0 
01-03 14:05:14.708  1370  1412 D gralloc_ranchu: gralloc_alloc: Creating ashmem region of size 1810432
01-03 14:05:14.708  1370  1412 D gralloc_ranchu: gralloc_alloc: Creating ashmem region of size 1810432
01-03 14:05:14.708  1609  4543 I ConfigStore: android::hardware::configstore::V1_0::ISurfaceFlingerConfigs::hasWideColorDisplay retrieved: 0
01-03 14:05:14.708  1609  4543 I ConfigStore: android::hardware::configstore::V1_0::ISurfaceFlingerConfigs::hasHDRDisplay retrieved: 0
01-03 14:05:14.708  1609  4543 I OpenGLRenderer: Initialized EGL, version 1.4
01-03 14:05:14.708  1609  4543 D OpenGLRenderer: Swap behavior 1
01-03 14:05:14.708  1609  4543 W OpenGLRenderer: Failed to choose config with EGL_SWAP_BEHAVIOR_PRESERVED, retrying without...
01-03 14:05:14.708  1609  4543 D OpenGLRenderer: Swap behavior 0
01-03 14:05:14.708  1609  4543 D eglCodecCommon: setVertexArrayObject: set vao to 0 (0) 0 0
01-03 14:05:14.708  1609  4543 D EGL_emulation: eglCreateContext: 0x7430d59f40: maj 3 min 0 rcv 3
01-03 14:05:14.709  1609  4543 D EGL_emulation: eglMakeCurrent: 0x7430d59f40: ver 3 0 (tinfo 0x742e9afce0)
01-03 14:05:14.722  1609  4543 D EGL_emulation: eglMakeCurrent: 0x7430d59f40: ver 3 0 (tinfo 0x742e9afce0)
01-03 14:05:14.724  1609  4543 D eglCodecCommon: setVertexArrayObject: set vao to 0 (0) 3 2
01-03 14:05:14.758  1793  1981 D EGL_emulation: eglMakeCurrent: 0x7450038a80: ver 3 0 (tinfo 0x74500926e0)
01-03 14:05:14.874  1793  1981 I chatty  : uid=10021(com.android.systemui) RenderThread identical 14 lines
01-03 14:05:14.876  1793  1981 D EGL_emulation: eglMakeCurrent: 0x7450038a80: ver 3 0 (tinfo 0x74500926e0)
01-03 14:05:14.944  2355  2509 D EGL_emulation: eglMakeCurrent: 0x744cd8a500: ver 3 0 (tinfo 0x744cd39f00)
01-03 14:05:14.947  1793  1981 D EGL_emulation: eglMakeCurrent: 0x7450038a80: ver 3 0 (tinfo 0x74500926e0)
01-03 14:05:14.952  1609  1962 I GnssLocationProvider: WakeLock acquired by sendMessage(REPORT_SV_STATUS, 0, com.android.server.location.GnssLocationProvider$SvStatusInfo@79d4d7f)
01-03 14:05:14.953  1609  1622 I GnssLocationProvider: WakeLock released by handleMessage(REPORT_SV_STATUS, 0, com.android.server.location.GnssLocationProvider$SvStatusInfo@79d4d7f)
01-03 14:05:14.958  1793  1981 D EGL_emulation: eglMakeCurrent: 0x7450038a80: ver 3 0 (tinfo 0x74500926e0)
01-03 14:05:15.197  1609  1623 W ActivityManager: Activity pause timeout for ActivityRecord{93e9d24 u0 de.tobiasbielefeld.solitaire/.ui.GameSelector t62 f}
01-03 14:05:15.212  1793  1981 D EGL_emulation: eglMakeCurrent: 0x7450038a80: ver 3 0 (tinfo 0x74500926e0)
01-03 14:05:15.213  1370  1412 D gralloc_ranchu: gralloc_alloc: Creating ashmem region of size 3690496
01-03 14:05:15.214  1370  1411 D gralloc_ranchu: gralloc_alloc: Creating ashmem region of size 3690496
01-03 14:05:15.214  1370  1370 D gralloc_ranchu: gralloc_alloc: Creating ashmem region of size 3690496
01-03 14:05:15.218  1793  1981 D EGL_emulation: eglMakeCurrent: 0x7450038a80: ver 3 0 (tinfo 0x74500926e0)
01-03 14:05:15.229  2355  2509 D EGL_emulation: eglMakeCurrent: 0x744cd8a500: ver 3 0 (tinfo 0x744cd39f00)
01-03 14:05:15.696  1609  2939 W ActivityManager:   Force finishing activity de.tobiasbielefeld.solitaire/.ui.GameSelector
01-03 14:05:15.698  1609  2939 I ActivityManager: Killing 5881:de.tobiasbielefeld.solitaire/u0a90 (adj 900): crash
01-03 14:05:15.699  1609  4543 D EGL_emulation: eglMakeCurrent: 0x7430d59f40: ver 3 0 (tinfo 0x742e9afce0)
01-03 14:05:15.700  1609  4543 D OpenGLRenderer: endAllActiveAnimators on 0x74237caf00 (RippleDrawable) with handle 0x7430c3e620
01-03 14:05:15.700  1609  1626 W libprocessgroup: kill(-5881, 9) failed: No such process
01-03 14:05:15.719  1793  1981 D EGL_emulation: eglMakeCurrent: 0x7450038a80: ver 3 0 (tinfo 0x74500926e0)
01-03 14:05:15.737  1793  1981 I chatty  : uid=10021(com.android.systemui) RenderThread identical 2 lines
01-03 14:05:15.740  1793  1981 D EGL_emulation: eglMakeCurrent: 0x7450038a80: ver 3 0 (tinfo 0x74500926e0)
01-03 14:05:15.741  1609  1626 W libprocessgroup: kill(-5881, 9) failed: No such process
01-03 14:05:15.755  1793  1981 D EGL_emulation: eglMakeCurrent: 0x7450038a80: ver 3 0 (tinfo 0x74500926e0)
01-03 14:05:15.756  1468  1468 I Zygote  : Process 5881 exited due to signal (9)
01-03 14:05:15.760  1793  1981 D EGL_emulation: eglMakeCurrent: 0x7450038a80: ver 3 0 (tinfo 0x74500926e0)
01-03 14:05:15.771  1793  1981 I chatty  : uid=10021(com.android.systemui) RenderThread identical 1 line
01-03 14:05:15.774  1793  1981 D EGL_emulation: eglMakeCurrent: 0x7450038a80: ver 3 0 (tinfo 0x74500926e0)
01-03 14:05:15.784  1609  1626 W libprocessgroup: kill(-5881, 9) failed: No such process
01-03 14:05:15.784  1609  1626 I libprocessgroup: Successfully killed process cgroup uid 10090 pid 5881 in 84ms
01-03 14:05:15.787  1793  1981 D EGL_emulation: eglMakeCurrent: 0x7450038a80: ver 3 0 (tinfo 0x74500926e0)
01-03 14:05:15.855  1793  1981 I chatty  : uid=10021(com.android.systemui) RenderThread identical 8 lines
01-03 14:05:15.858  1793  1981 D EGL_emulation: eglMakeCurrent: 0x7450038a80: ver 3 0 (tinfo 0x74500926e0)
01-03 14:05:15.873  1467  1696 W SurfaceFlinger: Attempting to set client state on removed layer: Dim Layer for - mAboveAppWindowsContainers#0
01-03 14:05:15.873  1467  1696 W SurfaceFlinger: Attempting to destroy on removed layer: Dim Layer for - mAboveAppWindowsContainers#0
01-03 14:05:15.873  1467  1495 W SurfaceFlinger: Attempting to destroy on removed layer: 220d633 Application Error: de.tobiasbielefeld.solitaire#0
01-03 14:05:15.955  1609  1962 I GnssLocationProvider: WakeLock acquired by sendMessage(REPORT_SV_STATUS, 0, com.android.server.location.GnssLocationProvider$SvStatusInfo@f5357c)
01-03 14:05:15.955  1609  1622 I GnssLocationProvider: WakeLock released by handleMessage(REPORT_SV_STATUS, 0, com.android.server.location.GnssLocationProvider$SvStatusInfo@f5357c)
01-03 14:05:16.591  1989  3045 E AuthPII : [RequestTokenManager] getToken() -> BAD_AUTHENTICATION. App: com.google.android.apps.maps, Service: oauth2:https://www.googleapis.com/auth/mobilemaps.firstparty https://www.googleapis.com/auth/notifications
01-03 14:05:16.591  1989  3045 E AuthPII : amym: Long live credential not available.
01-03 14:05:16.591  1989  3045 E AuthPII : 	at tpv.a(:com.google.android.gms@244264013@24.42.64 (100400-689945633):998)
01-03 14:05:16.591  1989  3045 E AuthPII : 	at tqb.b(:com.google.android.gms@244264013@24.42.64 (100400-689945633):28)
01-03 14:05:16.591  1989  3045 E AuthPII : 	at tpz.a(:com.google.android.gms@244264013@24.42.64 (100400-689945633):611)
01-03 14:05:16.591  1989  3045 E AuthPII : 	at tpy.b(:com.google.android.gms@244264013@24.42.64 (100400-689945633):94)
01-03 14:05:16.591  1989  3045 E AuthPII : 	at nqj.g(:com.google.android.gms@244264013@24.42.64 (100400-689945633):226)
01-03 14:05:16.591  1989  3045 E AuthPII : 	at nqj.h(:com.google.android.gms@244264013@24.42.64 (100400-689945633):2)
01-03 14:05:16.591  1989  3045 E AuthPII : 	at nqj.fi(:com.google.android.gms@244264013@24.42.64 (100400-689945633):147)
01-03 14:05:16.591  1989  3045 E AuthPII : 	at njw.onTransact(:com.google.android.gms@244264013@24.42.64 (100400-689945633):97)
01-03 14:05:16.591  1989  3045 E AuthPII : 	at android.os.Binder.transact(Binder.java:667)
01-03 14:05:16.591  1989  3045 E AuthPII : 	at bkog.onTransact(:com.google.android.gms@244264013@24.42.64 (100400-689945633):10)
01-03 14:05:16.591  1989  3045 E AuthPII : 	at android.os.Binder.transact(Binder.java:667)
01-03 14:05:16.591  1989  3045 E AuthPII : 	at bcbi.onTransact(:com.google.android.gms@244264013@24.42.64 (100400-689945633):148)
01-03 14:05:16.591  1989  3045 E AuthPII : 	at android.os.Binder.execTransact(Binder.java:731)
01-03 14:05:16.591  1989  3045 E AuthPII : Message is Long live credential not available.
01-03 14:05:16.591  1989  3045 E AuthPII : amym: Long live credential not available.
01-03 14:05:16.591  1989  3045 E AuthPII : 	at tpv.a(:com.google.android.gms@244264013@24.42.64 (100400-689945633):998)
01-03 14:05:16.591  1989  3045 E AuthPII : 	at tqb.b(:com.google.android.gms@244264013@24.42.64 (100400-689945633):28)
01-03 14:05:16.591  1989  3045 E AuthPII : 	at tpz.a(:com.google.android.gms@244264013@24.42.64 (100400-689945633):611)
01-03 14:05:16.591  1989  3045 E AuthPII : 	at tpy.b(:com.google.android.gms@244264013@24.42.64 (100400-689945633):94)
01-03 14:05:16.591  1989  3045 E AuthPII : 	at nqj.g(:com.google.android.gms@244264013@24.42.64 (100400-689945633):226)
01-03 14:05:16.591  1989  3045 E AuthPII : 	at nqj.h(:com.google.android.gms@244264013@24.42.64 (100400-689945633):2)
01-03 14:05:16.591  1989  3045 E AuthPII : 	at nqj.fi(:com.google.android.gms@244264013@24.42.64 (100400-689945633):147)
01-03 14:05:16.591  1989  3045 E AuthPII : 	at njw.onTransact(:com.google.android.gms@244264013@24.42.64 (100400-689945633):97)
01-03 14:05:16.591  1989  3045 E AuthPII : 	at android.os.Binder.transact(Binder.java:667)
01-03 14:05:16.591  1989  3045 E AuthPII : 	at bkog.onTransact(:com.google.android.gms@244264013@24.42.64 (100400-689945633):10)
01-03 14:05:16.591  1989  3045 E AuthPII : 	at android.os.Binder.transact(Binder.java:667)
01-03 14:05:16.591  1989  3045 E AuthPII : 	at bcbi.onTransact(:com.google.android.gms@244264013@24.42.64 (100400-689945633):148)
01-03 14:05:16.591  1989  3045 E AuthPII : 	at android.os.Binder.execTransact(Binder.java:731)
01-03 14:05:16.591  1989  3045 W Auth    : [GetToken] GetToken failed with status code: BadAuthentication  [CONTEXT service_id=343 ]
01-03 14:05:16.960  1609  1962 I GnssLocationProvider: WakeLock acquired by sendMessage(REPORT_SV_STATUS, 0, com.android.server.location.GnssLocationProvider$SvStatusInfo@64f775f)
01-03 14:05:16.960  1609  1622 I GnssLocationProvider: WakeLock released by handleMessage(REPORT_SV_STATUS, 0, com.android.server.location.GnssLocationProvider$SvStatusInfo@64f775f)
01-03 14:05:17.962  1609  1962 I GnssLocationProvider: WakeLock acquired by sendMessage(REPORT_SV_STATUS, 0, com.android.server.location.GnssLocationProvider$SvStatusInfo@8aef5ac)
01-03 14:05:17.962  1609  1622 I GnssLocationProvider: WakeLock released by handleMessage(REPORT_SV_STATUS, 0, com.android.server.location.GnssLocationProvider$SvStatusInfo@8aef5ac)
01-03 14:05:18.903  1361  1414 W audio_hw_generic: Not supplying enough data to HAL, expected position 2767424 , only wrote 2345040
01-03 14:05:18.975  1609  1962 I GnssLocationProvider: WakeLock acquired by sendMessage(REPORT_SV_STATUS, 0, com.android.server.location.GnssLocationProvider$SvStatusInfo@613275)
01-03 14:05:18.975  1609  1622 I GnssLocationProvider: WakeLock released by handleMessage(REPORT_SV_STATUS, 0, com.android.server.location.GnssLocationProvider$SvStatusInfo@613275)
01-03 14:05:19.426  2257  2670 I BistoHotwordHelper: (REDACTED) getHotwordActive::active query: %s, watch: %s, devices connected: %s
01-03 14:05:19.970  1609  1962 I GnssLocationProvider: WakeLock acquired by sendMessage(REPORT_SV_STATUS, 0, com.android.server.location.GnssLocationProvider$SvStatusInfo@240520a)
01-03 14:05:19.971  1609  1622 I GnssLocationProvider: WakeLock released by handleMessage(REPORT_SV_STATUS, 0, com.android.server.location.GnssLocationProvider$SvStatusInfo@240520a)
01-03 14:05:20.975  1609  1962 I GnssLocationProvider: WakeLock acquired by sendMessage(REPORT_SV_STATUS, 0, com.android.server.location.GnssLocationProvider$SvStatusInfo@c1e2a7b)
01-03 14:05:20.975  1609  1622 I GnssLocationProvider: WakeLock released by handleMessage(REPORT_SV_STATUS, 0, com.android.server.location.GnssLocationProvider$SvStatusInfo@c1e2a7b)
01-03 14:05:21.980  1609  1962 I GnssLocationProvider: WakeLock acquired by sendMessage(REPORT_SV_STATUS, 0, com.android.server.location.GnssLocationProvider$SvStatusInfo@d9984d6)
01-03 14:05:21.981  1609  1622 I GnssLocationProvider: WakeLock released by handleMessage(REPORT_SV_STATUS, 0, com.android.server.location.GnssLocationProvider$SvStatusInfo@d9984d6)
01-03 14:05:22.984  1609  1962 I GnssLocationProvider: WakeLock acquired by sendMessage(REPORT_SV_STATUS, 0, com.android.server.location.GnssLocationProvider$SvStatusInfo@45af357)
01-03 14:05:22.984  1609  1622 I GnssLocationProvider: WakeLock released by handleMessage(REPORT_SV_STATUS, 0, com.android.server.location.GnssLocationProvider$SvStatusInfo@45af357)
01-03 14:05:23.987  1609  1962 I GnssLocationProvider: WakeLock acquired by sendMessage(REPORT_SV_STATUS, 0, com.android.server.location.GnssLocationProvider$SvStatusInfo@d284e44)
01-03 14:05:23.987  1609  1622 I GnssLocationProvider: WakeLock released by handleMessage(REPORT_SV_STATUS, 0, com.android.server.location.GnssLocationProvider$SvStatusInfo@d284e44)
01-03 14:05:24.988  1609  1962 I GnssLocationProvider: WakeLock acquired by sendMessage(REPORT_SV_STATUS, 0, com.android.server.location.GnssLocationProvider$SvStatusInfo@e9a3b2d)
01-03 14:05:24.988  1609  1622 I GnssLocationProvider: WakeLock released by handleMessage(REPORT_SV_STATUS, 0, com.android.server.location.GnssLocationProvider$SvStatusInfo@e9a3b2d)
01-03 14:05:25.042  1609  3551 D WificondControl: Scan result ready event
01-03 14:05:25.048  1989  3045 I ChimeraSrvcProxy: NullBinder for android.net.action.RECOMMEND_NETWORKS triggering remote TransactionTooLargeException due to Service without Chimera impl
01-03 14:05:25.992  1609  1962 I GnssLocationProvider: WakeLock acquired by sendMessage(REPORT_SV_STATUS, 0, com.android.server.location.GnssLocationProvider$SvStatusInfo@7811862)
01-03 14:05:25.992  1609  1622 I GnssLocationProvider: WakeLock released by handleMessage(REPORT_SV_STATUS, 0, com.android.server.location.GnssLocationProvider$SvStatusInfo@7811862)
01-03 14:05:26.996  1609  1962 I GnssLocationProvider: WakeLock acquired by sendMessage(REPORT_SV_STATUS, 0, com.android.server.location.GnssLocationProvider$SvStatusInfo@5316df3)
01-03 14:05:26.996  1609  1622 I GnssLocationProvider: WakeLock released by handleMessage(REPORT_SV_STATUS, 0, com.android.server.location.GnssLocationProvider$SvStatusInfo@5316df3)
01-03 14:05:27.644  1609  1627 E BatteryExternalStatsWorker: no controller energy info supplied for wifi
01-03 14:05:27.997  1609  1962 I GnssLocationProvider: WakeLock acquired by sendMessage(REPORT_SV_STATUS, 0, com.android.server.location.GnssLocationProvider$SvStatusInfo@27e0ab0)
01-03 14:05:27.997  1609  1622 I GnssLocationProvider: WakeLock released by handleMessage(REPORT_SV_STATUS, 0, com.android.server.location.GnssLocationProvider$SvStatusInfo@27e0ab0)
01-03 14:05:29.003  1609  1962 I GnssLocationProvider: WakeLock acquired by sendMessage(REPORT_SV_STATUS, 0, com.android.server.location.GnssLocationProvider$SvStatusInfo@b0c5d29)
01-03 14:05:29.003  1609  1622 I GnssLocationProvider: WakeLock released by handleMessage(REPORT_SV_STATUS, 0, com.android.server.location.GnssLocationProvider$SvStatusInfo@b0c5d29)
01-03 14:05:29.718  1609  1622 E memtrack: Couldn't load memtrack module
01-03 14:05:29.718  1609  1622 W android.os.Debug: failed to get memory consumption info: -1
01-03 14:05:30.007  1609  1962 I GnssLocationProvider: WakeLock acquired by sendMessage(REPORT_SV_STATUS, 0, com.android.server.location.GnssLocationProvider$SvStatusInfo@f5c58ae)
01-03 14:05:30.009  1609  1622 I GnssLocationProvider: WakeLock released by handleMessage(REPORT_SV_STATUS, 0, com.android.server.location.GnssLocationProvider$SvStatusInfo@f5c58ae)
01-03 14:05:31.012  1609  1962 I GnssLocationProvider: WakeLock acquired by sendMessage(REPORT_SV_STATUS, 0, com.android.server.location.GnssLocationProvider$SvStatusInfo@1eaf64f)
01-03 14:05:31.014  1609  1622 I GnssLocationProvider: WakeLock released by handleMessage(REPORT_SV_STATUS, 0, com.android.server.location.GnssLocationProvider$SvStatusInfo@1eaf64f)
01-03 14:05:32.015  1609  1962 I GnssLocationProvider: WakeLock acquired by sendMessage(REPORT_SV_STATUS, 0, com.android.server.location.GnssLocationProvider$SvStatusInfo@83121dc)
01-03 14:05:32.017  1609  1622 I GnssLocationProvider: WakeLock released by handleMessage(REPORT_SV_STATUS, 0, com.android.server.location.GnssLocationProvider$SvStatusInfo@83121dc)
01-03 14:05:33.020  1609  1962 I GnssLocationProvider: WakeLock acquired by sendMessage(REPORT_SV_STATUS, 0, com.android.server.location.GnssLocationProvider$SvStatusInfo@164a2e5)
01-03 14:05:33.022  1609  1622 I GnssLocationProvider: WakeLock released by handleMessage(REPORT_SV_STATUS, 0, com.android.server.location.GnssLocationProvider$SvStatusInfo@164a2e5)
01-03 14:05:34.025  1609  1962 I GnssLocationProvider: WakeLock acquired by sendMessage(REPORT_SV_STATUS, 0, com.android.server.location.GnssLocationProvider$SvStatusInfo@39951ba)
01-03 14:05:34.027  1609  1622 I GnssLocationProvider: WakeLock released by handleMessage(REPORT_SV_STATUS, 0, com.android.server.location.GnssLocationProvider$SvStatusInfo@39951ba)
01-03 14:05:35.029  1609  1962 I GnssLocationProvider: WakeLock acquired by sendMessage(REPORT_SV_STATUS, 0, com.android.server.location.GnssLocationProvider$SvStatusInfo@f0aa86b)
01-03 14:05:35.032  1609  1622 I GnssLocationProvider: WakeLock released by handleMessage(REPORT_SV_STATUS, 0, com.android.server.location.GnssLocationProvider$SvStatusInfo@f0aa86b)
01-03 14:05:36.030  1609  1962 I GnssLocationProvider: WakeLock acquired by sendMessage(REPORT_SV_STATUS, 0, com.android.server.location.GnssLocationProvider$SvStatusInfo@49c7fc8)
01-03 14:05:36.031  1609  1622 I GnssLocationProvider: WakeLock released by handleMessage(REPORT_SV_STATUS, 0, com.android.server.location.GnssLocationProvider$SvStatusInfo@49c7fc8)
01-03 14:05:37.035  1609  1962 I GnssLocationProvider: WakeLock acquired by sendMessage(REPORT_SV_STATUS, 0, com.android.server.location.GnssLocationProvider$SvStatusInfo@2418861)
01-03 14:05:37.035  1609  1622 I GnssLocationProvider: WakeLock released by handleMessage(REPORT_SV_STATUS, 0, com.android.server.location.GnssLocationProvider$SvStatusInfo@2418861)
01-03 14:05:38.036  1609  1962 I GnssLocationProvider: WakeLock acquired by sendMessage(REPORT_SV_STATUS, 0, com.android.server.location.GnssLocationProvider$SvStatusInfo@97acf86)
01-03 14:05:38.036  1609  1622 I GnssLocationProvider: WakeLock released by handleMessage(REPORT_SV_STATUS, 0, com.android.server.location.GnssLocationProvider$SvStatusInfo@97acf86)
01-03 14:05:39.042  1609  1962 I GnssLocationProvider: WakeLock acquired by sendMessage(REPORT_SV_STATUS, 0, com.android.server.location.GnssLocationProvider$SvStatusInfo@c296047)
01-03 14:05:39.042  1609  1622 I GnssLocationProvider: WakeLock released by handleMessage(REPORT_SV_STATUS, 0, com.android.server.location.GnssLocationProvider$SvStatusInfo@c296047)
01-03 14:05:40.044  1609  1962 I GnssLocationProvider: WakeLock acquired by sendMessage(REPORT_SV_STATUS, 0, com.android.server.location.GnssLocationProvider$SvStatusInfo@6ddd074)
01-03 14:05:40.044  1609  1622 I GnssLocationProvider: WakeLock released by handleMessage(REPORT_SV_STATUS, 0, com.android.server.location.GnssLocationProvider$SvStatusInfo@6ddd074)
01-03 14:05:41.049  1609  1962 I GnssLocationProvider: WakeLock acquired by sendMessage(REPORT_SV_STATUS, 0, com.android.server.location.GnssLocationProvider$SvStatusInfo@fad499d)
01-03 14:05:41.050  1609  1622 I GnssLocationProvider: WakeLock released by handleMessage(REPORT_SV_STATUS, 0, com.android.server.location.GnssLocationProvider$SvStatusInfo@fad499d)
01-03 14:05:42.051  1609  1962 I GnssLocationProvider: WakeLock acquired by sendMessage(REPORT_SV_STATUS, 0, com.android.server.location.GnssLocationProvider$SvStatusInfo@5a45e12)
01-03 14:05:42.051  1609  1622 I GnssLocationProvider: WakeLock released by handleMessage(REPORT_SV_STATUS, 0, com.android.server.location.GnssLocationProvider$SvStatusInfo@5a45e12)
01-03 14:05:43.055  1609  1962 I GnssLocationProvider: WakeLock acquired by sendMessage(REPORT_SV_STATUS, 0, com.android.server.location.GnssLocationProvider$SvStatusInfo@f91b9e3)
01-03 14:05:43.056  1609  1622 I GnssLocationProvider: WakeLock released by handleMessage(REPORT_SV_STATUS, 0, com.android.server.location.GnssLocationProvider$SvStatusInfo@f91b9e3)
01-03 14:05:44.056  1609  1962 I GnssLocationProvider: WakeLock acquired by sendMessage(REPORT_SV_STATUS, 0, com.android.server.location.GnssLocationProvider$SvStatusInfo@417fe0)
01-03 14:05:44.057  1609  1622 I GnssLocationProvider: WakeLock released by handleMessage(REPORT_SV_STATUS, 0, com.android.server.location.GnssLocationProvider$SvStatusInfo@417fe0)
01-03 14:05:45.059  1609  1962 I GnssLocationProvider: WakeLock acquired by sendMessage(REPORT_SV_STATUS, 0, com.android.server.location.GnssLocationProvider$SvStatusInfo@819e299)
01-03 14:05:45.059  1609  1622 I GnssLocationProvider: WakeLock released by handleMessage(REPORT_SV_STATUS, 0, com.android.server.location.GnssLocationProvider$SvStatusInfo@819e299)
